# github.com/ryo-arima/cmn-core/cmd/client/admin
cmd/client/admin/main.go:38:33: undefined: controller.InitCommonRefreshTokenCmd
# github.com/ryo-arima/cmn-core/cmd/client/app
cmd/client/app/main.go:38:33: undefined: controller.InitCommonRefreshTokenCmd
# github.com/ryo-arima/cmn-core/pkg/server/share
pkg/server/share/base.go:167:6: ForShare redeclared in this block
	pkg/server/share/base.go:26:6: other declaration of ForShare
pkg/server/share/base.go:182:6: ForInternal redeclared in this block
	pkg/server/share/base.go:41:6: other declaration of ForInternal
pkg/server/share/base.go:197:6: ForPrivate redeclared in this block
	pkg/server/share/base.go:56:6: other declaration of ForPrivate
pkg/server/share/base.go:221:6: validateJWTToken redeclared in this block
	pkg/server/share/base.go:80:6: other declaration of validateJWTToken
pkg/server/share/base.go:267:6: setUserContext redeclared in this block
	pkg/server/share/base.go:102:6: other declaration of setUserContext
pkg/server/share/base.go:277:6: getUserFromContext redeclared in this block
	pkg/server/share/base.go:111:6: other declaration of getUserFromContext
pkg/server/share/base.go:303:6: GetUserUUID redeclared in this block
	pkg/server/share/base.go:121:6: other declaration of GetUserUUID
pkg/server/share/base.go:314:6: GetUserEmail redeclared in this block
	pkg/server/share/base.go:131:6: other declaration of GetUserEmail
pkg/server/share/base.go:325:6: GetUserName redeclared in this block
	pkg/server/share/base.go:141:6: other declaration of GetUserName
pkg/server/share/base.go:336:6: GetUserRole redeclared in this block
	pkg/server/share/base.go:151:6: other declaration of GetUserRole
pkg/server/share/base.go:336:6: too many errors
